// Jest Snapshot v1, https://goo.gl/fbAQLP

exports[`matches snapshot 1`] = `
<DocumentFragment>
  <div
    class="NewTodoForm"
  >
    <h3>
      Add a New TODO
    </h3>
    <form
      class="NewTodoForm-form"
      data-testid="form"
    >
      <div>
        <label
          for="todo"
        >
          New Todo: 
        </label>
        <input
          id="todo"
          name="name"
          placeholder="Enter Todo"
          required=""
          type="text"
          value=""
        />
      </div>
      <div>
        <button
          class="NewTodoForm-button"
          type="submit"
        >
          ADD
        </button>
      </div>
    </form>
  </div>
</DocumentFragment>
`;
