// Jest Snapshot v1, https://goo.gl/fbAQLP

exports[`matches diff color snapshot 1`] = `
<DocumentFragment>
  <div
    class="BoxWrapper"
  >
    <div
      class="Box"
    />
    <div>
      <button
        class="BoxButton"
      >
        X
      </button>
    </div>
  </div>
</DocumentFragment>
`;

exports[`matches snapshot 1`] = `
<DocumentFragment>
  <div
    class="BoxWrapper"
  >
    <div
      class="Box"
    />
    <div>
      <button
        class="BoxButton"
      >
        X
      </button>
    </div>
  </div>
</DocumentFragment>
`;
